// Jest Snapshot v1, https://goo.gl/fbAQLP

exports[`AddCardComp renders correctly 1`] = `
<div
  className="AddCardComp"
>
  <div
    className="AddImage"
  >
    <div
      className="LineContainer"
    >
      <button
        className="cardDefault"
        onClick={[Function]}
        type="button"
      >
        <img
          alt={77680}
          className="cardImg"
          src="https://d30y9cdsu7xlg0.cloudfront.net/png/77680-200.png"
        />
      </button>
    </div>
    <br />
    <div>
      <div
        className="LineContainer"
      >
        <img
          alt="English"
          className="btnImg"
          src="english_FFFFFF.png"
        />
        <input
          className="L1Input DetailText"
          onChange={[Function]}
          value=""
        />
        <br />
      </div>
      <div
        className="LineContainer"
      >
        <img
          alt="Spanish"
          className="btnImg"
          src="spanish_FFFFFF.png"
        />
        <input
          className="L2Input DetailText"
          onChange={[Function]}
          value=""
        />
      </div>
      <div
        className="LineContainer"
      >
        <img
          alt="Order"
          className="btnImg"
          src="order_FFFFFF.png"
        />
        <input
          className="Order DetailText"
          onChange={[Function]}
          type="Number"
          value={0}
        />
      </div>
      <div
        className="LineContainer"
      >
        <button
          className="DoneBtn AppBtn"
          onClick={[Function]}
          type="button"
        >
          <img
            alt="Done"
            className="btnImg"
            src="done_FFFFFF.png"
          />
        </button>
      </div>
    </div>
    <br />
    <span
      className="DetailText"
    >
      Image:
    </span>
    <p>
      Url:
      https://d30y9cdsu7xlg0.cloudfront.net/png/77680-200.png
        id:
      77680
    </p>
    <img
      alt={77680}
      className="btnImg"
      src="https://d30y9cdsu7xlg0.cloudfront.net/png/77680-200.png"
    />
  </div>
  <p>
    C current deck is: 
    ABCD-1234
  </p>
</div>
`;
