// Jest Snapshot v1, https://goo.gl/fbAQLP

exports[`AddDeckComp renders correctly 1`] = `
<div
  className="AddDeckComp"
>
  <div />
  <div>
    <br />
     
    <br />
    <div
      className="LineContainer"
    >
      <span
        className="DetailText"
      >
        Name:
      </span>
      <input
        className="DeckName DetailText"
        onChange={[Function]}
        value=""
      />
      <br />
    </div>
    <br />
    <div
      className="LineContainer"
    >
      <span
        className="DetailText"
      >
        Key:
      </span>
      <input
        className="KeyValue DetailText"
        onChange={[Function]}
        value=""
      />
    </div>
    <br />
    <div
      className="LineContainer"
    >
      <span
        className="DetailText"
      >
        Order:
      </span>
      <input
        className="DeckOrder DetailText"
        onChange={[Function]}
        type="Number"
        value={0}
      />
    </div>
    <br />
    <div
      className="LineContainer"
    >
      <button
        className="AppBtn AddDeckButton"
        onClick={[Function]}
        type="button"
      >
        <img
          alt="Done"
          className="btnImg"
          src="done_FFFFFF.png"
        />
      </button>
    </div>
  </div>
</div>
`;
