// Jest Snapshot v1, https://goo.gl/fbAQLP

exports[`AddCardComp renders correctly 1`] = `
<div>
  <h5>
    Look up an Image on thenounproject
  </h5>
  <span>
    Search term:
  </span>
  <input
    onChange={[Function]}
    value=""
  />
  <button
    onClick={[Function]}
    type="button"
  >
    <img
      alt="Add"
      className="btnImg"
      src="search_FFFFFF.png"
    />
  </button>
  <br />
  <span>
    Key:
  </span>
  <input
    onChange={[Function]}
    value=""
  />
  <br />
  <span>
    Secret:
  </span>
  <input
    onChange={[Function]}
    value=""
  />
  <br />
  <p>
    put list of images under here
  </p>
  <p>
    Image Selected Values
  </p>
  <input
    onChange={[Function]}
    value="https://d30y9cdsu7xlg0.cloudfront.net/png/75112-200.png"
  />
   
  <br />
  <input
    onChange={[Function]}
    value={75112}
  />
  <button
    onClick={[Function]}
    type="button"
  >
    OK
  </button>
  <div>
    <img
      alt="nounprojectimg"
      className="cardImg"
      src="https://d30y9cdsu7xlg0.cloudfront.net/png/75112-200.png"
    />
  </div>
</div>
`;
