// Jest Snapshot v1, https://goo.gl/fbAQLP

exports[`AddCardComp renders correctly 1`] = `
<div
  className="AddImageComp"
>
  <div
    className="LineContainer"
  >
    <input
      className="SearchTerm DetailText"
      onChange={[Function]}
      placeholder="Find an image"
      value=""
    />
    <button
      className="SearchBtn"
      onClick={[Function]}
      type="button"
    >
      <img
        alt="Add"
        className="btnImg"
        src="search_FFFFFF.png"
      />
    </button>
  </div>
  <br />
  <div
    className="LineContainer"
  >
    <div
      className="ImagePreview"
    >
      <img
        alt="nounprojectimg"
        className="cardImg"
        src="https://d30y9cdsu7xlg0.cloudfront.net/png/77680-200.png"
      />
    </div>
    <button
      className="DoneBtn AppBtn"
      onClick={[Function]}
      type="button"
    >
      <img
        alt="Done"
        className="btnImg"
        src="done_FFFFFF.png"
      />
    </button>
  </div>
  <div
    className="Thumbnails imagesContainer"
  />
  <p>
    Image Selected Values
  </p>
  <span>
    Url: 
    https://d30y9cdsu7xlg0.cloudfront.net/png/77680-200.png
     ID: 
    77680
  </span>
</div>
`;
