// Jest Snapshot v1, https://goo.gl/fbAQLP

exports[`snapshot of UI renders consistently 1`] = `
<div
  className="ItemBox AppListItem CardListItemComp"
  role="button"
  tabIndex="0"
>
  <span
    className="CardListItemText DetailText"
    onClick={[Function]}
    onKeyPress={[Function]}
    role="button"
    tabIndex="0"
  >
    ABCD-1234
  </span>
  <button
    className="CardListItemEdit AppBtn"
    onClick={[Function]}
    type="button"
  >
    <img
      alt="Add"
      className="btnImg"
      src="edit_FFFFFF.png"
    />
  </button>
  <button
    className="CardListItemDelete AppBtn Delete"
    onClick={[Function]}
    type="button"
  >
    <img
      alt="Delete"
      className="btnImg"
      src="delete_FFFFFF.png"
    />
  </button>
  <hr />
</div>
`;
