// Jest Snapshot v1, https://goo.gl/fbAQLP

exports[`DeckListItemComp renders correctly 1`] = `
<div
  className="DeckListItemComp ItemBox AppListItem"
  role="button"
  tabIndex="0"
>
  <span
    className="DeckListItemText DetailText"
    onClick={[Function]}
    onKeyPress={[Function]}
    role="button"
    tabIndex="0"
  >
    Animals
  </span>
  <button
    className="DeckListItemEdit AppBtn"
    onClick={[Function]}
    type="button"
  >
    <img
      alt="Edit"
      className="btnImg"
      src="edit_FFFFFF.png"
    />
  </button>
  <button
    className="DeckListItemDelete AppBtn Delete"
    onClick={[Function]}
    type="button"
  >
    <img
      alt="Delete"
      className="btnImg"
      src="delete_FFFFFF.png"
    />
  </button>
  <hr />
</div>
`;
