// Jest Snapshot v1, https://goo.gl/fbAQLP

exports[`snapshot of UI renders consistently 1`] = `
<div
  className="DeleteCardComp"
>
  <br />
   
  <br />
  <div
    className="LineContainer"
  >
    <span
      className="DetailText"
    >
      Confirm Delete? 
    </span>
    <br />
     
    <br />
  </div>
  <div
    className="LineContainer"
  >
    <button
      className="AppBtn YesDelete"
      onClick={[Function]}
      type="button"
    >
      <img
        alt="Done"
        className="btnImg"
        src="done_FFFFFF.png"
      />
    </button>
  </div>
</div>
`;
