// Jest Snapshot v1, https://goo.gl/fbAQLP

exports[`snapshot of UI renders consistently 1`] = `
<div
  className="EditCardComp"
>
  <div>
    <button
      className="cardDefault"
      onClick={[Function]}
      type="button"
    >
      <img
        alt={77680}
        className="cardImg"
        src="https://d30y9cdsu7xlg0.cloudfront.net/png/77680-200.png"
      />
    </button>
    <br />
    <div>
      <div
        className="LineContainer"
      >
        <img
          alt="English"
          className="btnImg"
          src="english_FFFFFF.png"
        />
        <input
          className="DetailText"
          onChange={[Function]}
          value=""
        />
        <br />
      </div>
      <div
        className="LineContainer"
      >
        <img
          alt="Spanish"
          className="btnImg"
          src="spanish_FFFFFF.png"
        />
        <input
          className="DetailText"
          onChange={[Function]}
          value=""
        />
      </div>
      <button
        className="AppBtn"
        onClick={[Function]}
        type="button"
      >
        <img
          alt="Done"
          className="btnImg"
          src="done_FFFFFF.png"
        />
      </button>
    </div>
    <br />
    <span
      className="DetailText"
    >
      Image:
    </span>
    <p>
      Url:
      https://d30y9cdsu7xlg0.cloudfront.net/png/77680-200.png
        id:
      77680
    </p>
    <img
      alt={77680}
      className="btnImg"
      src="https://d30y9cdsu7xlg0.cloudfront.net/png/77680-200.png"
    />
  </div>
</div>
`;
