// Jest Snapshot v1, https://goo.gl/fbAQLP

exports[`snapshot of UI renders consistently 1`] = `
<div
  className="EditCardComp"
>
  <div
    className="AddImage"
  >
    <div
      className="LineContainer"
    >
      <button
        className="cardContainer"
        onClick={[Function]}
        type="button"
      >
        <img
          alt={123}
          className="cardImg"
          src="xxx"
        />
      </button>
    </div>
    <br />
    <div>
      <div
        className="LineContainer"
      >
        <img
          alt="English"
          className="btnImg"
          src="english_FFFFFF.png"
        />
        <input
          className="L1Input DetailText"
          onChange={[Function]}
          value="cat"
        />
        <br />
      </div>
      <div
        className="LineContainer"
      >
        <img
          alt="Spanish"
          className="btnImg"
          src="spanish_FFFFFF.png"
        />
        <input
          className="L2Input DetailText"
          onChange={[Function]}
          value="el gato"
        />
      </div>
      <div
        className="LineContainer"
      >
        <img
          alt="Order"
          className="btnImg"
          src="order_FFFFFF.png"
        />
        <input
          className="Order DetailText"
          onChange={[Function]}
          type="Number"
          value={1}
        />
      </div>
      <div
        className="LineContainer"
      >
        <button
          className="DoneBtn AppBtn"
          onClick={[Function]}
          type="button"
        >
          <img
            alt="Done"
            className="btnImg"
            src="done_FFFFFF.png"
          />
        </button>
      </div>
    </div>
    <br />
    <span
      className="DetailText"
    >
      Image:
    </span>
    <p>
      Url:
      xxx
        id:
      123
    </p>
    <img
      alt={123}
      className="btnImg"
      src="xxx"
    />
  </div>
</div>
`;
