// Jest Snapshot v1, https://goo.gl/fbAQLP

exports[`FlashcardComp renders correctly 1`] = `
<div
  className="FlashcardComp"
>
  <div
    className="WorkArea"
  >
    <div
      className="ManageDecksComp"
    >
      <div
        className="ActionBar ActionBarComp"
      >
        <img
          alt="logo"
          className="NavImg NavBtn"
          src="logo_FFFFFF.png"
        />
        <button
          className="NavBtn"
          onClick={[Function]}
          type="button"
        >
          <img
            alt="Add"
            className="NavImg"
            src="add_FFFFFF.png"
          />
        </button>
        <span
          className="HeaderText"
        >
          Decks
        </span>
        <button
          className="NavBtn"
          onClick={[Function]}
          type="button"
        >
          <img
            alt="Back"
            className="NavImg"
            src="back_FFFFFF.png"
          />
        </button>
      </div>
      <div>
        <div
          className="DeckListComp AppList"
        />
      </div>
    </div>
  </div>
  <div
    className="NavBarComp NavBar"
  >
    <button
      className="NavBarDecksOff NavBarNavBtn"
      onClick={[Function]}
      type="button"
    >
      <img
        alt="Decks"
        className="NavImg"
        src="decksOff_FFFFFF.png"
      />
    </button>
    <button
      className="NavBarListOn NavBtn"
      type="button"
    >
      <img
        alt="List"
        className="NavImg"
        src="list_FFFFFF.png"
      />
    </button>
    <button
      className="NavBarChartOff NavBtn"
      onClick={[Function]}
      type="button"
    >
      <img
        alt="Chart"
        className="NavImg"
        src="chartOff_FFFFFF.png"
      />
    </button>
    <button
      className="NavBarSettingsOff NavBtn"
      onClick={[Function]}
      type="button"
    >
      <img
        alt="Settings"
        className="NavImg"
        src="settingsOff_FFFFFF.png"
      />
    </button>
    <button
      className="NavBarInfoOff NavBtn"
      onClick={[Function]}
      type="button"
    >
      <img
        alt="Info"
        className="NavImg"
        src="infoOff_FFFFFF.png"
      />
    </button>
  </div>
</div>
`;
