// Jest Snapshot v1, https://goo.gl/fbAQLP

exports[`FlashcardComp renders correctly 1`] = `
<div>
  <div
    className="ActionBar"
  >
    <button
      className="NavBtn"
      onClick={[Function]}
      type="button"
    >
      <img
        alt="Add"
        className="NavImg"
        src="add_FFFFFF.png"
      />
    </button>
    <button
      className="NavBtn"
      onClick={[Function]}
      type="button"
    >
      <img
        alt="Back"
        className="NavImg"
        src="back_FFFFFF.png"
      />
    </button>
  </div>
  <div
    className="WorkArea"
  >
    <div>
      <div>
        <div
          className="ItemBox AppHeader"
        >
          <span
            className="AddItem"
          >
            Add Deck
          </span>
          <button
            className="AppBtn"
            onClick={[Function]}
            type="button"
          >
            <img
              alt="Add"
              className="btnImg"
              src="add_FFFFFF.png"
            />
          </button>
        </div>
        <div
          className="AppList"
        />
      </div>
      <div>
        <div>
          <div>
            <button
              onClick={[Function]}
              type="button"
            >
              Add Deck
            </button>
          </div>
        </div>
      </div>
    </div>
  </div>
  <div
    className="NavBar"
  >
    <button
      className="NavBtn"
      type="button"
    >
      <img
        alt="Add"
        className="NavImg"
        src="decks_FFFFFF.png"
      />
    </button>
    <button
      className="NavBtn"
      onClick={[Function]}
      type="button"
    >
      <img
        alt="Add"
        className="NavImg"
        src="listOff_FFFFFF.png"
      />
    </button>
    <button
      className="NavBtn"
      onClick={[Function]}
      type="button"
    >
      <img
        alt="Add"
        className="NavImg"
        src="chartOff_FFFFFF.png"
      />
    </button>
    <button
      className="NavBtn"
      onClick={[Function]}
      type="button"
    >
      <img
        alt="Add"
        className="NavImg"
        src="settingsOff_FFFFFF.png"
      />
    </button>
    <button
      className="NavBtn"
      onClick={[Function]}
      type="button"
    >
      <img
        alt="Add"
        className="NavImg"
        src="infoOff_FFFFFF.png"
      />
    </button>
  </div>
</div>
`;
