// Jest Snapshot v1, https://goo.gl/fbAQLP

exports[`ManageDecksComp renders correctly 1`] = `
<div
  className="ManageDecksComp"
>
  <div
    className="ActionBar ActionBarComp"
  >
    <img
      alt="logo"
      className="AppLogo NavImg NavBtn"
      src="logo_FFFFFF.png"
    />
    <button
      className="AddBtn NavBtn"
      onClick={[Function]}
      type="button"
    >
      <img
        alt="Add"
        className="NavImg"
        src="add_FFFFFF.png"
      />
    </button>
    <span
      className="HeaderText"
    >
      Decks
    </span>
    <button
      className="BackBtn NavBtn"
      onClick={[Function]}
      type="button"
    >
      <img
        alt="Back"
        className="NavImg"
        src="back_FFFFFF.png"
      />
    </button>
  </div>
  <div>
    <div
      className="DeckListComp AppList"
    />
  </div>
</div>
`;
