// Jest Snapshot v1, https://goo.gl/fbAQLP

exports[`ManageDecksComp renders correctly 1`] = `
<div>
  <div>
    <div
      className="ItemBox AppHeader"
    >
      <span
        className="AddItem"
      >
        Add Deck
      </span>
      <button
        className="AppBtn"
        onClick={[Function]}
        type="button"
      >
        <img
          alt="Add"
          className="btnImg"
          src="add_FFFFFF.png"
        />
      </button>
    </div>
    <div
      className="AppList"
    />
  </div>
  <div>
    <div>
      <div>
        <button
          onClick={[Function]}
          type="button"
        >
          Add Deck
        </button>
      </div>
    </div>
  </div>
</div>
`;
